[    0.000000] Linux version 4.15.0-202-generic (buildd@lcy02-amd64-115) (gcc version 7.5.0 (Ubuntu 7.5.0-3ubuntu1~18.04)) #213-Ubuntu SMP Thu Jan 5 19:19:12 UTC 2023 (Ubuntu 4.15.0-202.213-generic 4.15.18)
[    0.000000] Command line: BOOT_IMAGE=/boot/vmlinuz-4.15.0-202-generic root=LABEL=cloudimg-rootfs ro console=tty1 console=ttyS0
[    0.000000] KERNEL supported cpus:
[    0.000000]   Intel GenuineIntel
[    0.000000]   AMD AuthenticAMD
[    0.000000]   Centaur CentaurHauls
[    0.000000] x86/fpu: x87 FPU will use FXSAVE
[    0.000000] e820: BIOS-provided physical RAM map:
[    0.000000] BIOS-e820: [mem 0x0000000000000000-0x000000000009fbff] usable
[    0.000000] BIOS-e820: [mem 0x000000000009fc00-0x000000000009ffff] reserved
[    0.000000] BIOS-e820: [mem 0x00000000000f0000-0x00000000000fffff] reserved
[    0.000000] BIOS-e820: [mem 0x0000000000100000-0x000000003ffeffff] usable
[    0.000000] BIOS-e820: [mem 0x000000003fff0000-0x000000003fffffff] ACPI data
[    0.000000] BIOS-e820: [mem 0x00000000fec00000-0x00000000fec00fff] reserved
[    0.000000] BIOS-e820: [mem 0x00000000fee00000-0x00000000fee00fff] reserved
[    0.000000] BIOS-e820: [mem 0x00000000fffc0000-0x00000000ffffffff] reserved
[    0.000000] NX (Execute Disable) protection: active
[    0.000000] SMBIOS 2.5 present.
[    0.000000] DMI: innotek GmbH VirtualBox/VirtualBox, BIOS VirtualBox 12/01/2006
[    0.000000] Hypervisor detected: KVM
[    0.000000] e820: last_pfn = 0x3fff0 max_arch_pfn = 0x400000000
[    0.000000] MTRR: Disabled
[    0.000000] x86/PAT: MTRRs disabled, skipping PAT initialization too.
[    0.000000] CPU MTRRs all blank - virtualized system.
[    0.000000] x86/PAT: Configuration [0-7]: WB  WT  UC- UC  WB  WT  UC- UC  
[    0.000000] found SMP MP-table at [mem 0x0009fff0-0x0009ffff]
[    0.000000] Scanning 1 areas for low memory corruption
[    0.000000] RAMDISK: [mem 0x359c9000-0x36cdbfff]
[    0.000000] ACPI: Early table checksum verification disabled
[    0.000000] ACPI: RSDP 0x00000000000E0000 000024 (v02 VBOX  )
[    0.000000] ACPI: XSDT 0x000000003FFF0030 00003C (v01 VBOX   VBOXXSDT 00000001 ASL  00000061)
[    0.000000] ACPI: FACP 0x000000003FFF00F0 0000F4 (v04 VBOX   VBOXFACP 00000001 ASL  00000061)
[    0.000000] ACPI: DSDT 0x000000003FFF0470 002325 (v02 VBOX   VBOXBIOS 00000002 INTL 20100528)
[    0.000000] ACPI: FACS 0x000000003FFF0200 000040
[    0.000000] ACPI: FACS 0x000000003FFF0200 000040
[    0.000000] ACPI: APIC 0x000000003FFF0240 00005C (v02 VBOX   VBOXAPIC 00000001 ASL  00000061)
[    0.000000] ACPI: SSDT 0x000000003FFF02A0 0001CC (v01 VBOX   VBOXCPUT 00000002 INTL 20100528)
[    0.000000] ACPI: Reserving FACP table memory at [mem 0x3fff00f0-0x3fff01e3]
[    0.000000] ACPI: Reserving DSDT table memory at [mem 0x3fff0470-0x3fff2794]
[    0.000000] ACPI: Reserving FACS table memory at [mem 0x3fff0200-0x3fff023f]
[    0.000000] ACPI: Reserving FACS table memory at [mem 0x3fff0200-0x3fff023f]
[    0.000000] ACPI: Reserving APIC table memory at [mem 0x3fff0240-0x3fff029b]
[    0.000000] ACPI: Reserving SSDT table memory at [mem 0x3fff02a0-0x3fff046b]
[    0.000000] No NUMA configuration found
[    0.000000] Faking a node at [mem 0x0000000000000000-0x000000003ffeffff]
[    0.000000] NODE_DATA(0) allocated [mem 0x3ffc5000-0x3ffeffff]
[    0.000000] kvm-clock: cpu 0, msr 0:3ff44001, primary cpu clock
[    0.000000] kvm-clock: Using msrs 4b564d01 and 4b564d00
[    0.000000] kvm-clock: using sched offset of 4652314004 cycles
[    0.000000] clocksource: kvm-clock: mask: 0xffffffffffffffff max_cycles: 0x1cd42e4dffb, max_idle_ns: 881590591483 ns
[    0.000000] Zone ranges:
[    0.000000]   DMA      [mem 0x0000000000001000-0x0000000000ffffff]
[    0.000000]   DMA32    [mem 0x0000000001000000-0x000000003ffeffff]
[    0.000000]   Normal   empty
[    0.000000]   Device   empty
[    0.000000] Movable zone start for each node
[    0.000000] Early memory node ranges
[    0.000000]   node   0: [mem 0x0000000000001000-0x000000000009efff]
[    0.000000]   node   0: [mem 0x0000000000100000-0x000000003ffeffff]
[    0.000000] Reserved but unavailable: 104 pages
[    0.000000] Initmem setup node 0 [mem 0x0000000000001000-0x000000003ffeffff]
[    0.000000] ACPI: PM-Timer IO Port: 0x4008
[    0.000000] IOAPIC[0]: apic_id 2, version 32, address 0xfec00000, GSI 0-23
[    0.000000] ACPI: INT_SRC_OVR (bus 0 bus_irq 0 global_irq 2 dfl dfl)
[    0.000000] ACPI: INT_SRC_OVR (bus 0 bus_irq 9 global_irq 9 low level)
[    0.000000] Using ACPI (MADT) for SMP configuration information
[    0.000000] smpboot: Allowing 2 CPUs, 0 hotplug CPUs
[    0.000000] PM: Registered nosave memory: [mem 0x00000000-0x00000fff]
[    0.000000] PM: Registered nosave memory: [mem 0x0009f000-0x0009ffff]
[    0.000000] PM: Registered nosave memory: [mem 0x000a0000-0x000effff]
[    0.000000] PM: Registered nosave memory: [mem 0x000f0000-0x000fffff]
[    0.000000] e820: [mem 0x40000000-0xfebfffff] available for PCI devices
[    0.000000] Booting paravirtualized kernel on KVM
[    0.000000] clocksource: refined-jiffies: mask: 0xffffffff max_cycles: 0xffffffff, max_idle_ns: 7645519600211568 ns
[    0.000000] setup_percpu: NR_CPUS:8192 nr_cpumask_bits:2 nr_cpu_ids:2 nr_node_ids:1
[    0.000000] percpu: Embedded 50 pages/cpu s167936 r8192 d28672 u1048576
[    0.000000] PV qspinlock hash table entries: 256 (order: 0, 4096 bytes)
[    0.000000] Built 1 zonelists, mobility grouping on.  Total pages: 257913
[    0.000000] Policy zone: DMA32
[    0.000000] Kernel command line: BOOT_IMAGE=/boot/vmlinuz-4.15.0-202-generic root=LABEL=cloudimg-rootfs ro console=tty1 console=ttyS0
[    0.000000] Memory: 982648K/1048120K available (12300K kernel code, 2477K rwdata, 4320K rodata, 2472K init, 2720K bss, 65472K reserved, 0K cma-reserved)
[    0.000000] SLUB: HWalign=64, Order=0-3, MinObjects=0, CPUs=2, Nodes=1
[    0.000000] Kernel/User page tables isolation: enabled
[    0.000000] ftrace: allocating 39478 entries in 155 pages
[    0.004000] Hierarchical RCU implementation.
[    0.004000] 	RCU restricting CPUs from NR_CPUS=8192 to nr_cpu_ids=2.
[    0.004000] 	Tasks RCU enabled.
[    0.004000] RCU: Adjusting geometry for rcu_fanout_leaf=16, nr_cpu_ids=2
[    0.004000] NR_IRQS: 524544, nr_irqs: 440, preallocated irqs: 16
[    0.004000] Console: colour VGA+ 80x25
[    0.004000] console [tty1] enabled
[    0.004000] console [ttyS0] enabled
[    0.004000] ACPI: Core revision 20170831
[    0.004000] ACPI: 2 ACPI AML tables successfully acquired and loaded
[    0.004000] APIC: Switch to symmetric I/O mode setup
[    0.008000] ..TIMER: vector=0x30 apic1=0 pin1=2 apic2=-1 pin2=-1
[    0.008006] tsc: Detected 3199.994 MHz processor
[    0.012015] Calibrating delay loop (skipped) preset value.. 6399.98 BogoMIPS (lpj=12799976)
[    0.016036] pid_max: default: 32768 minimum: 301
[    0.020126] Security Framework initialized
[    0.024008] Yama: becoming mindful.
[    0.028158] AppArmor: AppArmor initialized
[    0.040297] Dentry cache hash table entries: 131072 (order: 8, 1048576 bytes)
[    0.047239] Inode-cache hash table entries: 65536 (order: 7, 524288 bytes)
[    0.048123] Mount-cache hash table entries: 2048 (order: 2, 16384 bytes)
[    0.052089] Mountpoint-cache hash table entries: 2048 (order: 2, 16384 bytes)
[    0.060305] Last level iTLB entries: 4KB 1024, 2MB 1024, 4MB 1024
[    0.064007] Last level dTLB entries: 4KB 1024, 2MB 1024, 4MB 1024, 1GB 4
[    0.068009] Spectre V1 : Mitigation: usercopy/swapgs barriers and __user pointer sanitization
[    0.072007] Spectre V2 : Mitigation: Retpolines
[    0.076006] Spectre V2 : Spectre v2 / SpectreRSB mitigation: Filling RSB on context switch
[    0.080006] Speculative Store Bypass: Vulnerable
[    0.084052] MDS: Mitigation: Clear CPU buffers
[    0.088005] MMIO Stale Data: Unknown: No mitigations
[    0.092195] Freeing SMP alternatives memory: 36K
[    0.214142] APIC calibration not consistent with PM-Timer: 103ms instead of 100ms
[    0.216000] APIC delta adjusted to PM-Timer: 6304781 (6521972)
[    0.216758] smpboot: CPU0: Intel(R) Pentium(R) CPU G3258 @ 3.20GHz (family: 0x6, model: 0x3c, stepping: 0x3)
[    0.220636] Performance Events: unsupported p6 CPU model 60 no PMU driver, software events only.
[    0.224153] Hierarchical SRCU implementation.
[    0.229434] NMI watchdog: Perf event create on CPU 0 failed with -2
[    0.232008] NMI watchdog: Perf NMI watchdog permanently disabled
[    0.238045] smp: Bringing up secondary CPUs ...
[    0.241214] x86: Booting SMP configuration:
[    0.244013] .... node  #0, CPUs:      #1
[    0.004000] kvm-clock: cpu 1, msr 0:3ff44041, secondary cpu clock
[    0.258935] TSC synchronization [CPU#0 -> CPU#1]:
[    0.260000] Measured 86480 cycles TSC warp between CPUs, turning off TSC clock.
[    0.260000] tsc: Marking TSC unstable due to check_tsc_sync_source failed
[    0.264839] smp: Brought up 1 node, 2 CPUs
[    0.268000] smpboot: Max logical packages: 1
[    0.268000] smpboot: Total of 2 processors activated (12799.97 BogoMIPS)
[    0.268837] devtmpfs: initialized
[    0.272000] x86/mm: Memory block size: 128MB
[    0.272577] evm: security.selinux
[    0.276015] evm: security.SMACK64
[    0.280009] evm: security.SMACK64EXEC
[    0.284007] evm: security.SMACK64TRANSMUTE
[    0.288010] evm: security.SMACK64MMAP
[    0.292023] evm: security.apparmor
[    0.296006] evm: security.ima
[    0.300006] evm: security.capability
[    0.309070] clocksource: jiffies: mask: 0xffffffff max_cycles: 0xffffffff, max_idle_ns: 7645041785100000 ns
[    0.312017] futex hash table entries: 512 (order: 3, 32768 bytes)
[    0.316246] pinctrl core: initialized pinctrl subsystem
[    0.324652] RTC time:  9:36:41, date: 02/13/23
[    0.333553] NET: Registered protocol family 16
[    0.336179] audit: initializing netlink subsys (disabled)
[    0.340265] audit: type=2000 audit(1676281006.454:1): state=initialized audit_enabled=0 res=1
[    0.353297] cpuidle: using governor ladder
[    0.356019] cpuidle: using governor menu
[    0.360000] ACPI: bus type PCI registered
[    0.360009] acpiphp: ACPI Hot Plug PCI Controller Driver version: 0.5
[    0.364000] PCI: Using configuration type 1 for base access
[    0.373369] HugeTLB registered 2.00 MiB page size, pre-allocated 0 pages
[    0.384640] ACPI: Added _OSI(Module Device)
[    0.388009] ACPI: Added _OSI(Processor Device)
[    0.392008] ACPI: Added _OSI(3.0 _SCP Extensions)
[    0.396009] ACPI: Added _OSI(Processor Aggregator Device)
[    0.400011] ACPI: Added _OSI(Linux-Dell-Video)
[    0.404009] ACPI: Added _OSI(Linux-Lenovo-NV-HDMI-Audio)
[    0.408011] ACPI: Added _OSI(Linux-HPI-Hybrid-Graphics)
[    0.416254] ACPI: Executed 1 blocks of module-level executable AML code
[    0.428062] ACPI: Interpreter enabled
[    0.432028] ACPI: (supports S0 S5)
[    0.436007] ACPI: Using IOAPIC for interrupt routing
[    0.440558] PCI: Using host bridge windows from ACPI; if necessary, use "pci=nocrs" and report a bug
[    0.444342] ACPI: Enabled 2 GPEs in block 00 to 07
[    0.470145] ACPI: PCI Root Bridge [PCI0] (domain 0000 [bus 00-ff])
[    0.472019] acpi PNP0A03:00: _OSC: OS supports [ASPM ClockPM Segments MSI]
[    0.481259] acpi PNP0A03:00: _OSC: not requesting OS control; OS requires [ExtendedConfig ASPM ClockPM MSI]
[    0.484028] acpi PNP0A03:00: fail to add MMCONFIG information, can't access extended PCI configuration space under this bridge.
[    0.492436] PCI host bridge to bus 0000:00
[    0.496008] pci_bus 0000:00: root bus resource [io  0x0000-0x0cf7 window]
[    0.500012] pci_bus 0000:00: root bus resource [io  0x0d00-0xffff window]
[    0.504014] pci_bus 0000:00: root bus resource [mem 0x000a0000-0x000bffff window]
[    0.508014] pci_bus 0000:00: root bus resource [mem 0x40000000-0xfdffffff window]
[    0.512011] pci_bus 0000:00: root bus resource [bus 00-ff]
[    0.528712] pci 0000:00:01.1: legacy IDE quirk: reg 0x10: [io  0x01f0-0x01f7]
[    0.532009] pci 0000:00:01.1: legacy IDE quirk: reg 0x14: [io  0x03f6]
[    0.536009] pci 0000:00:01.1: legacy IDE quirk: reg 0x18: [io  0x0170-0x0177]
[    0.540010] pci 0000:00:01.1: legacy IDE quirk: reg 0x1c: [io  0x0376]
[    0.572720] pci 0000:00:07.0: quirk: [io  0x4000-0x403f] claimed by PIIX4 ACPI
[    0.576057] pci 0000:00:07.0: quirk: [io  0x4100-0x410f] claimed by PIIX4 SMB
[    0.598722] ACPI: PCI Interrupt Link [LNKA] (IRQs 5 9 10 *11)
[    0.600733] ACPI: PCI Interrupt Link [LNKB] (IRQs 5 9 *10 11)
[    0.604336] ACPI: PCI Interrupt Link [LNKC] (IRQs 5 *9 10 11)
[    0.608301] ACPI: PCI Interrupt Link [LNKD] (IRQs 5 9 10 *11)
[    0.616141] SCSI subsystem initialized
[    0.620327] pci 0000:00:02.0: vgaarb: setting as boot VGA device
[    0.624000] pci 0000:00:02.0: vgaarb: VGA device added: decodes=io+mem,owns=io+mem,locks=none
[    0.624014] pci 0000:00:02.0: vgaarb: bridge control possible
[    0.628007] vgaarb: loaded
[    0.631667] ACPI: bus type USB registered
[    0.632035] usbcore: registered new interface driver usbfs
[    0.636031] usbcore: registered new interface driver hub
[    0.640059] usbcore: registered new device driver usb
[    0.648006] EDAC MC: Ver: 3.0.0
[    0.656232] PCI: Using ACPI for IRQ routing
[    0.661152] NetLabel: Initializing
[    0.668008] NetLabel:  domain hash size = 128
[    0.676007] NetLabel:  protocols = UNLABELED CIPSOv4 CALIPSO
[    0.684028] NetLabel:  unlabeled traffic allowed by default
[    0.697929] clocksource: Switched to clocksource kvm-clock
[    0.761223] VFS: Disk quotas dquot_6.6.0
[    0.769845] VFS: Dquot-cache hash table entries: 512 (order 0, 4096 bytes)
[    0.779795] AppArmor: AppArmor Filesystem Enabled
[    0.786762] pnp: PnP ACPI init
[    0.801785] pnp: PnP ACPI: found 3 devices
[    0.819679] clocksource: acpi_pm: mask: 0xffffff max_cycles: 0xffffff, max_idle_ns: 2085701024 ns
[    0.832132] NET: Registered protocol family 2
[    0.839494] IP idents hash table entries: 16384 (order: 5, 131072 bytes)
[    0.849738] TCP established hash table entries: 8192 (order: 4, 65536 bytes)
[    0.860895] TCP bind hash table entries: 8192 (order: 5, 131072 bytes)
[    0.870457] TCP: Hash tables configured (established 8192 bind 8192)
[    0.880065] UDP hash table entries: 512 (order: 2, 16384 bytes)
[    0.887230] UDP-Lite hash table entries: 512 (order: 2, 16384 bytes)
[    0.895347] NET: Registered protocol family 1
[    0.901961] pci 0000:00:00.0: Limiting direct PCI/PCI transfers
[    0.910301] pci 0000:00:01.0: Activating ISA DMA hang workarounds
[    0.921226] pci 0000:00:02.0: Video device with shadowed ROM at [mem 0x000c0000-0x000dffff]
[    0.933299] Unpacking initramfs...
[    1.649124] Freeing initrd memory: 19532K
[    1.654855] clocksource: tsc: mask: 0xffffffffffffffff max_cycles: 0x2e204480e7f, max_idle_ns: 440795355314 ns
[    1.668186] platform rtc_cmos: registered platform RTC device (no PNP device found)
[    1.678173] Scanning for low memory corruption every 60 seconds
[    1.691860] Initialise system trusted keyrings
[    1.698095] Key type blacklist registered
[    1.705677] workingset: timestamp_bits=36 max_order=18 bucket_order=0
[    1.724362] zbud: loaded
[    1.738699] squashfs: version 4.0 (2009/01/31) Phillip Lougher
[    1.792169] fuse init (API version 7.26)
[    1.900399] Key type asymmetric registered
[    1.906077] Asymmetric key parser 'x509' registered
[    1.972396] Block layer SCSI generic (bsg) driver version 0.4 loaded (major 246)
[    1.984823] io scheduler noop registered
[    1.989988] io scheduler deadline registered
[    1.996270] io scheduler cfq registered (default)
[    2.003200] ACPI: AC Adapter [AC] (on-line)
[    2.060100] input: Power Button as /devices/LNXSYSTM:00/LNXPWRBN:00/input/input0
[    2.094138] ACPI: Power Button [PWRF]
[    2.100050] input: Sleep Button as /devices/LNXSYSTM:00/LNXSLPBN:00/input/input1
[    2.109089] ACPI: Sleep Button [SLPF]
[    2.139625] Serial: 8250/16550 driver, 32 ports, IRQ sharing enabled
[    2.218186] 00:02: ttyS0 at I/O 0x3f8 (irq = 4, base_baud = 115200) is a 16550A
[    2.249751] Linux agpgart interface v0.103
[    2.264861] loop: module loaded
[    2.277348] scsi host0: ata_piix
[    2.284199] scsi host1: ata_piix
[    2.289016] ata1: PATA max UDMA/33 cmd 0x1f0 ctl 0x3f6 bmdma 0xd000 irq 14
[    2.298381] ata2: PATA max UDMA/33 cmd 0x170 ctl 0x376 bmdma 0xd008 irq 15
[    2.309422] tun: Universal TUN/TAP device driver, 1.6
[    2.318040] PPP generic driver version 2.4.2
[    2.324540] ehci_hcd: USB 2.0 'Enhanced' Host Controller (EHCI) Driver
[    2.333751] ehci-pci: EHCI PCI platform driver
[    2.339769] ehci-platform: EHCI generic platform driver
[    2.347435] ohci_hcd: USB 1.1 'Open' Host Controller (OHCI) Driver
[    2.355419] ohci-pci: OHCI PCI platform driver
[    2.361522] ohci-platform: OHCI generic platform driver
[    2.369355] uhci_hcd: USB Universal Host Controller Interface driver
[    2.378563] i8042: PNP: PS/2 Controller [PNP0303:PS2K,PNP0f03:PS2M] at 0x60,0x64 irq 1,12
[    2.394524] serio: i8042 KBD port at 0x60,0x64 irq 1
[    2.401824] serio: i8042 AUX port at 0x60,0x64 irq 12
[    2.408168] mousedev: PS/2 mouse device common for all mice
[    2.418551] input: AT Translated Set 2 keyboard as /devices/platform/i8042/serio0/input/input2
[    2.431841] rtc_cmos rtc_cmos: rtc core: registered rtc_cmos as rtc0
[    2.440008] rtc_cmos rtc_cmos: alarms up to one day, 114 bytes nvram
[    2.447530] i2c /dev entries driver
[    2.452861] device-mapper: uevent: version 1.0.3
[    2.459029] device-mapper: ioctl: 4.37.0-ioctl (2017-09-20) initialised: dm-devel@redhat.com
[    2.600495] ledtrig-cpu: registered to indicate activity on CPUs
[    2.615159] NET: Registered protocol family 10
[    2.645842] Segment Routing with IPv6
[    2.651492] NET: Registered protocol family 17
[    2.660597] Key type dns_resolver registered
[    2.667845] mce: Using 0 MCE banks
[    2.673278] RAS: Correctable Errors collector initialized.
[    2.680151] sched_clock: Marking stable (2680045085, 0)->(3988549037, -1308503952)
[    2.706914] registered taskstats version 1
[    2.715216] Loading compiled-in X.509 certificates
[    2.728520] Loaded X.509 cert 'Build time autogenerated kernel key: f114f3958ed3c37ba1924ca66ae8368f3c35b0e4'
[    2.742046] Loaded X.509 cert 'Canonical Ltd. Live Patch Signing: 14df34d1a87cf37625abec039ef2bf521249b969'
[    2.821596] Loaded X.509 cert 'Canonical Ltd. Kernel Module Signing: 88f752e560a1e0737e31163a466ad7b70a850c19'
[    2.838700] blacklist: Loading compiled-in revocation X.509 certificates
[    2.960718] Loaded X.509 cert 'Canonical Ltd. Secure Boot Signing: 61482aa2830d0ab2ad5af10b7250da9033ddcef0'
[    2.977699] zswap: loaded using pool lzo/zbud
[    3.006006] Key type big_key registered
[    3.037579] Key type trusted registered
[    3.065134] Key type encrypted registered
[    3.069788] AppArmor: AppArmor sha1 policy hashing enabled
[    3.077554] ima: No TPM chip found, activating TPM-bypass! (rc=-19)
[    3.085556] ima: Allocated hash algorithm: sha1
[    3.098933] evm: HMAC attrs: 0x1
[    3.105107]   Magic number: 11:485:626
[    3.166851] rtc_cmos rtc_cmos: setting system clock to 2023-02-13 09:36:44 UTC (1676281004)
[    3.186114] BIOS EDD facility v0.16 2004-Jun-25, 0 devices found
[    3.197764] EDD information not available.
[    3.210578] Freeing unused kernel image memory: 2472K
[    3.244371] Write protecting the kernel read-only data: 20480k
[    3.255851] Freeing unused kernel image memory: 2008K
[    3.263348] Freeing unused kernel image memory: 1824K
[    3.277764] x86/mm: Checked W+X mappings: passed, no W+X pages found.
[    3.285619] x86/mm: Checking user space page tables
[    3.298725] x86/mm: Checked W+X mappings: passed, no W+X pages found.
Loading, please wait...
starting version 237
[    3.580514] e1000: Intel(R) PRO/1000 Network Driver - version 7.3.21-k8-NAPI
[    3.594263] e1000: Copyright (c) 1999-2006 Intel Corporation.
[    3.637669] Fusion MPT base driver 3.04.20
[    3.643450] Copyright (c) 1999-2008 LSI Corporation
[    3.736162] Fusion MPT SPI Host driver 3.04.20
[    3.980281] input: ImExPS/2 Generic Explorer Mouse as /devices/platform/i8042/serio1/input/input4
[    4.681512] e1000 0000:00:03.0 eth0: (PCI:33MHz:32-bit) 02:47:43:72:71:6b
[    4.690293] e1000 0000:00:03.0 eth0: Intel(R) PRO/1000 Network Connection
[    5.569696] e1000 0000:00:08.0 eth1: (PCI:33MHz:32-bit) 08:00:27:83:6b:cf
[    5.578445] e1000 0000:00:08.0 eth1: Intel(R) PRO/1000 Network Connection
[    5.592177] e1000 0000:00:03.0 enp0s3: renamed from eth0
[    5.601336] mptbase: ioc0: Initiating bringup
[    5.616581] e1000 0000:00:08.0 enp0s8: renamed from eth1
[    5.715682] ioc0: LSI53C1030 A0: Capabilities={Initiator}
[    5.982188] scsi host2: ioc0: LSI53C1030 A0, FwRev=00000000h, Ports=1, MaxQ=256, IRQ=20
[    6.162670] scsi 2:0:0:0: Direct-Access     VBOX     HARDDISK         1.0  PQ: 0 ANSI: 5
[    6.205334] scsi target2:0:0: Beginning Domain Validation
[    6.219817] scsi target2:0:0: Domain Validation skipping write tests
[    6.227698] scsi target2:0:0: Ending Domain Validation
[    6.234592] scsi target2:0:0: asynchronous
[    6.241944] scsi 2:0:1:0: Direct-Access     VBOX     HARDDISK         1.0  PQ: 0 ANSI: 5
[    7.814341] scsi target2:0:1: Beginning Domain Validation
[    7.826733] scsi target2:0:1: Domain Validation skipping write tests
[    7.834305] scsi target2:0:1: Ending Domain Validation
[    7.840759] scsi target2:0:1: asynchronous
[    7.860264] sd 2:0:0:0: [sda] 83886080 512-byte logical blocks: (42.9 GB/40.0 GiB)
[    7.869223] sd 2:0:0:0: [sda] Write Protect is off
[    7.876421] sd 2:0:0:0: [sda] Incomplete mode parameter data
[    7.884236] sd 2:0:0:0: [sda] Assuming drive cache: write through
[    7.907279] sd 2:0:0:0: Attached scsi generic sg0 type 0
[    7.927221] sd 2:0:1:0: [sdb] 20480 512-byte logical blocks: (10.5 MB/10.0 MiB)
[    7.946004] sd 2:0:1:0: Attached scsi generic sg1 type 0
[    7.952094] sd 2:0:1:0: [sdb] Write Protect is off
[    7.962151] sd 2:0:1:0: [sdb] Incomplete mode parameter data
[    7.970706] sd 2:0:1:0: [sdb] Assuming drive cache: write through
[    7.984627]  sda: sda1
[    8.001207] sd 2:0:0:0: [sda] Attached SCSI disk
[    8.002991] sd 2:0:1:0: [sdb] Attached SCSI disk
Begin: Loading essential drivers ... [   10.736891] raid6: sse2x1   gen()  8878 MB/s
[   10.789023] raid6: sse2x1   xor()  5192 MB/s
[   10.840429] raid6: sse2x2   gen()  8204 MB/s
[   10.892913] raid6: sse2x2   xor()  6586 MB/s
[   10.944490] raid6: sse2x4   gen() 12241 MB/s
[   10.996057] raid6: sse2x4   xor()  5333 MB/s
[   11.001501] raid6: using algorithm sse2x4 gen() 12241 MB/s
[   11.017882] raid6: .... xor() 5333 MB/s, rmw enabled
[   11.025171] raid6: using ssse3x2 recovery algorithm
[   11.045111] xor: measuring software checksum speed
[   14.276187]    prefetch64-sse: -432106.-296 MB/sec
[   16.361636]    generic_sse: -870962.-296 MB/sec
[   16.367871] xor: using function: prefetch64-sse (-432106.-296 MB/sec)
[   16.380567] async_tx: api initialized (async)
done.
Begin: Running /scripts/init-premount ... done.
Begin: Mounting root file system ... Begin: Running /scripts/local-top ... done.
Begin: Running /scripts/local-premount ... [   16.509942] Btrfs loaded, crc32c=crc32c-intel
Scanning for Btrfs filesystems
done.
Warning: fsck not present, so skipping root file system
[   16.615287] EXT4-fs (sda1): mounted filesystem with ordered data mode. Opts: (null)
done.
Begin: Running /scripts/local-bottom ... done.
Begin: Running /scripts/init-bottom ... done.
[   17.012479] ip_tables: (C) 2000-2006 Netfilter Core Team
[   17.045790] systemd[1]: systemd 237 running in system mode. (+PAM +AUDIT +SELINUX +IMA +APPARMOR +SMACK +SYSVINIT +UTMP +LIBCRYPTSETUP +GCRYPT +GNUTLS +ACL +XZ +LZ4 +SECCOMP +BLKID +ELFUTILS +KMOD -IDN2 +IDN -PCRE2 default-hierarchy=hybrid)
[   17.071793] systemd[1]: Detected virtualization oracle.
[   17.078270] systemd[1]: Detected architecture x86-64.

Welcome to [1mUbuntu 18.04.6 LTS[0m!

[   17.127811] systemd[1]: Set hostname to <ubuntu>.
[   17.147688] random: systemd: uninitialized urandom read (16 bytes read)
[   17.156621] systemd[1]: Initializing machine ID from random generator.
[   17.165448] systemd[1]: Installed transient /etc/machine-id file.
[   17.659324] random: systemd: uninitialized urandom read (16 bytes read)
[   17.667125] systemd[1]: Reached target System Time Synchronized.
[[0;32m  OK  [0m] Reached target System Time Synchronized.
[   17.678076] random: systemd: uninitialized urandom read (16 bytes read)
[   17.687173] systemd[1]: Set up automount Arbitrary Executable File Formats File System Automount Point.
[[0;32m  OK  [0m] Set up automount Arbitrary Executabâ€¦rmats File System Automount Point.
[   17.725651] systemd[1]: Created slice User and Session Slice.
[[0;32m  OK  [0m] Created slice User and Session Slice.
[   17.737578] systemd[1]: Started Forward Password Requests to Wall Directory Watch.
[[0;32m  OK  [0m] Started Forward Password Requests to Wall Directory Watch.
[[0;32m  OK  [0m] Reached target User and Group Name Lookups.
[[0;32m  OK  [0m] Reached target Mounting snaps.
[[0;32m  OK  [0m] Reached target Mounted snaps.
[[0;32m  OK  [0m] Created slice System Slice.
[[0;32m  OK  [0m] Listening on udev Kernel Socket.
[[0;32m  OK  [0m] Listening on /dev/initctl Compatibility Named Pipe.
[[0;32m  OK  [0m] Listening on LVM2 metadata daemon socket.
[[0;32m  OK  [0m] Listening on Journal Audit Socket.
[[0;32m  OK  [0m] Created slice system-serial\x2dgetty.slice.
[[0;32m  OK  [0m] Listening on Device-mapper event daemon FIFOs.
[[0;32m  OK  [0m] Listening on udev Control Socket.
[[0;32m  OK  [0m] Reached target Slices.
[[0;32m  OK  [0m] Listening on Journal Socket (/dev/log).
[[0;32m  OK  [0m] Listening on Journal Socket.
         Starting Load Kernel Modules...
         Mounting Kernel Debug File System...
         Starting Create list of required stâ€¦ce nodes for the current kernel...
         Starting Uncomplicated firewall...
         Starting Monitoring of LVM2 mirrorsâ€¦ng dmeventd or progress polling...
         Starting Set the console keyboard layout...
[[0;32m  OK  [0m] Listening on LVM2 poll daemon socket.
[[0;32m  OK  [0m] Listening on Syslog Socket.
         Starting Journal Service...
         Mounting Huge Pages File System...
         Starting udev Coldplug all Devices...
[[0;32m  OK  [0m] Listening on Network Service Netlink Socket.
[[0;32m  OK  [0m] Listening on fsck to fsckd communication Socket.
         Starting File System Check on Root Device...
[   17.977782] Loading iSCSI transport class v2.0-870.
         Mounting POSIX Message Queue File System...
[[0;32m  OK  [0m] Reached target Swap.
[[0;32m  OK  [0m] Mounted Kernel Debug File System.
[[0;32m  OK  [0m] Started Create list of required staâ€¦vice nodes for the current kernel.
[[0;32m  OK  [0m] Started Uncomplicated firewall.
[[0;32m  OK  [0m] Mounted Huge Pages File System.
[[0;32m  OK  [0m] Mounted POSIX Message Queue File System.
         Starting Create Static Device Nodes in /dev...
[[0;32m  OK  [0m] Started LVM2 metadata daemon.
[[0;32m  OK  [0m] Started Journal Service.
[[0;32m  OK  [0m] Started File System Check Daemon to report status.
[[0;32m  OK  [0m] Started Create Static Device Nodes in /dev.
[   18.242272] iscsi: registered transport (tcp)
[[0;32m  OK  [0m] Started udev Coldplug all Devices.
[[0;32m  OK  [0m] Started File System Check on Root Device.
[   18.331291] random: systemd: uninitialized urandom read (16 bytes read)
         Starting Remount Root and Kernel File Systems...
[   18.349428] random: systemd-journal: uninitialized urandom read (16 bytes read)
[   18.399952] EXT4-fs (sda1): re-mounted. Opts: (null)
[[0;32m  OK  [0m] Started Monitoring of LVM2 mirrors,â€¦sing dmeventd or progress polling.
[[0;32m  OK  [0m] Started Remount Root and Kernel File Systems.
[   18.426615] random: systemd: uninitialized urandom read (16 bytes read)
         Starting Load/Save Random Seed...
         Starting Flush Journal to Persistent Storage...
         Starting udev Kernel Device Manager...
[[0;32m  OK  [0m] Started Load/Save Random Seed.
[   18.512888] systemd-journald[386]: Received request to flush runtime journal from PID 1
[   18.547569] iscsi: registered transport (iser)
[[0;32m  OK  [0m] Started Load Kernel Modules.
         Mounting Kernel Configuration File System...
         Mounting FUSE Control File System...
         Starting Apply Kernel Variables...
[[0;32m  OK  [0m] Mounted Kernel Configuration File System.
[[0;32m  OK  [0m] Started Flush Journal to Persistent Storage.
[[0;32m  OK  [0m] Mounted FUSE Control File System.
[[0;32m  OK  [0m] Started udev Kernel Device Manager.
[[0;32m  OK  [0m] Started Apply Kernel Variables.
[[0;32m  OK  [0m] Found device /dev/ttyS0.
[[0;32m  OK  [0m] Listening on Load/Save RF Kill Switch Status /dev/rfkill Watch.
[[0;32m  OK  [0m] Started Set the console keyboard layout.
[[0;32m  OK  [0m] Reached target Local File Systems (Pre).
[[0;32m  OK  [0m] Reached target Local File Systems.
         Starting Tell Plymouth To Write Out Runtime Data...
         Starting ebtables ruleset management...
         Starting Create Volatile Files and Directories...
         Starting Commit a transient machine-id on disk...
         Starting AppArmor initialization...
         Starting Set console font and keymap...
[[0;32m  OK  [0m] Started Dispatch Password Requests to Console Directory Watch.
[[0;32m  OK  [0m] Reached target Local Encrypted Volumes.
[[0;32m  OK  [0m] Started Tell Plymouth To Write Out Runtime Data.
[[0;32m  OK  [0m] Started Create Volatile Files and Directories.
         Starting Update UTMP about System Boot/Shutdown...
[[0;32m  OK  [0m] Started Update UTMP about System Boot/Shutdown.
[[0;32m  OK  [0m] Started Commit a transient machine-id on disk.
[[0;32m  OK  [0m] Started ebtables ruleset management.
         Mounting Arbitrary Executable File Formats File System...
[[0;32m  OK  [0m] Mounted Arbitrary Executable File Formats File System.
[[0;32m  OK  [0m] Started AppArmor initialization.
         Starting Load AppArmor profiles managed internally by snapd...
         Starting Initial cloud-init job (pre-networking)...
[[0;32m  OK  [0m] Started Load AppArmor profiles managed internally by snapd.
[[0;32m  OK  [0m] Started Set console font and keymap.
[   25.514853] cloud-init[739]: Cloud-init v. 22.4.2-0ubuntu0~18.04.1 running 'init-local' at Mon, 13 Feb 2023 09:37:06 +0000. Up 24.85 seconds.
[[0;32m  OK  [0m] Started Initial cloud-init job (pre-networking).
[[0;32m  OK  [0m] Reached target Network (Pre).
         Starting Network Service...
[[0;32m  OK  [0m] Started Network Service.
         Starting Network Name Resolution...
         Starting Wait for Network to be Configured...
[[0;32m  OK  [0m] Started Network Name Resolution.
[[0;32m  OK  [0m] Reached target Network.
[[0;32m  OK  [0m] Reached target Host and Network Name Lookups.
[[0;32m  OK  [0m] Started Wait for Network to be Configured.
         Starting Initial cloud-init job (metadata service crawler)...
[   28.003700] cloud-init[885]: Cloud-init v. 22.4.2-0ubuntu0~18.04.1 running 'init' at Mon, 13 Feb 2023 09:37:09 +0000. Up 27.78 seconds.
[   28.012303] cloud-init[885]: ci-info: ++++++++++++++++++++++++++++++++++++++Net device info+++++++++++++++++++++++++++++++++++++++
[   28.019637] cloud-init[885]: ci-info: +--------+-------+----------------------------+---------------+--------+-------------------+
[   28.026267] cloud-init[885]: ci-info: | Device |   Up  |          Address           |      Mask     | Scope  |     Hw-Address    |
[   28.033715] cloud-init[885]: ci-info: +--------+-------+----------------------------+---------------+--------+-------------------+
[   28.039772] cloud-init[885]: ci-info: | enp0s3 |  True |         10.0.2.15          | 255.255.255.0 | global | 02:47:43:72:71:6b |
[   28.046120] cloud-init[885]: ci-info: | enp0s3 |  True | fe80::47:43ff:fe72:716b/64 |       .       |  link  | 02:47:43:72:71:6b |
[   28.052921] cloud-init[885]: ci-info: | enp0s8 | False |             .              |       .       |   .    | 08:00:27:83:6b:cf |
[   28.058214] cloud-init[885]: ci-info: |   lo   |  True |         127.0.0.1          |   255.0.0.0   |  host  |         .         |
[   28.064617] cloud-init[885]: ci-info: |   lo   |  True |          ::1/128           |       .       |  host  |         .         |
[   28.081634] cloud-init[885]: ci-info: +--------+-------+----------------------------+---------------+--------+-------------------+
[   28.102000] cloud-init[885]: ci-info: ++++++++++++++++++++++++++++Route IPv4 info+++++++++++++++++++++++++++++
[   28.108212] cloud-init[885]: ci-info: +-------+-------------+----------+-----------------+-----------+-------+
[   28.115993] cloud-init[885]: ci-info: | Route | Destination | Gateway  |     Genmask     | Interface | Flags |
[   28.121924] cloud-init[885]: ci-info: +-------+-------------+----------+-----------------+-----------+-------+
[   28.136861] cloud-init[885]: ci-info: |   0   |   0.0.0.0   | 10.0.2.2 |     0.0.0.0     |   enp0s3  |   UG  |
[   28.148017] cloud-init[885]: ci-info: |   1   |   10.0.2.0  | 0.0.0.0  |  255.255.255.0  |   enp0s3  |   U   |
[   28.154982] cloud-init[885]: ci-info: |   2   |   10.0.2.2  | 0.0.0.0  | 255.255.255.255 |   enp0s3  |   UH  |
[   28.160479] cloud-init[885]: ci-info: +-------+-------------+----------+-----------------+-----------+-------+
[   28.166231] cloud-init[885]: ci-info: +++++++++++++++++++Route IPv6 info+++++++++++++++++++
[   28.170249] cloud-init[885]: ci-info: +-------+-------------+---------+-----------+-------+
[   28.178025] cloud-init[885]: ci-info: | Route | Destination | Gateway | Interface | Flags |
[   28.183693] cloud-init[885]: ci-info: +-------+-------------+---------+-----------+-------+
[   28.192027] cloud-init[885]: ci-info: |   1   |  fe80::/64  |    ::   |   enp0s3  |   U   |
[   28.197076] cloud-init[885]: ci-info: |   3   |    local    |    ::   |   enp0s3  |   U   |
[   28.201914] cloud-init[885]: ci-info: |   4   |   ff00::/8  |    ::   |   enp0s3  |   U   |
[   28.208084] cloud-init[885]: ci-info: +-------+-------------+---------+-----------+-------+
[   29.347350] cloud-init[885]: Generating public/private rsa key pair.
[   29.353447] cloud-init[885]: Your identification has been saved in /etc/ssh/ssh_host_rsa_key.
[   29.360674] cloud-init[885]: Your public key has been saved in /etc/ssh/ssh_host_rsa_key.pub.
[   29.368078] cloud-init[885]: The key fingerprint is:
[   29.375737] cloud-init[885]: SHA256:hWKwfoSsPW9dlLb6opa6VVW5yQz//05+CEBnrRJYEUQ root@ubuntu-bionic
[   29.383776] cloud-init[885]: The key's randomart image is:
[   29.391337] cloud-init[885]: +---[RSA 2048]----+
[   29.406009] cloud-init[885]: |    .    =Eo.o   |
[   29.415175] cloud-init[885]: |   . +  ..+o+ .  |
[   29.421113] cloud-init[885]: |    + + ..*O +   |
[   29.427193] cloud-init[885]: |   + o . =o.B    |
[   29.434609] cloud-init[885]: |  . + . S oo .   |
[   29.439041] cloud-init[885]: |     + o o  . .  |
[   29.444714] cloud-init[885]: |      +.o    . o.|[
[0;32m  OK  [0m[   29.455766] cloud-init[885]: |     oo ..    .oo|
] [   29.461725] cloud-init[885]: |    o+.. ..    .*|
Started Initial cloud-init job (metadata service crawler).[   29.467623] cloud-init[885]: +----[SHA256]-----+

[   29.477626] cloud-init[885]: Generating public/private dsa key pair.
[   29.483464] cloud-init[885]: Your identification has been saved in /etc/ssh/ssh_host_dsa_key.
[[0;32m  OK  [0m[   29.488638] cloud-init[885]: Your public key has been saved in /etc/ssh/ssh_host_dsa_key.pub.
[   29.498086] cloud-init[885]: The key fingerprint is:
[   29.498612] cloud-init[885]: SHA256:lelnHigCP2V86KwC0oiat0DiUULGR5dXwVNMrd3VoDg root@ubuntu-bionic
[   29.499562] cloud-init[885]: The key's randomart image is:
[   29.501498] cloud-init[885]: +---[DSA 1024]----+
[   29.502073] cloud-init[885]: |.o.. .. oo=o. ...|
[   29.502834] cloud-init[885]: |o. ... o + = o  o|
[   29.503530] cloud-init[885]: | .... . = E + . .|
[   29.504838] cloud-init[885]: |.oo  o = + + . . |
[   29.509165] cloud-init[885]: |=oo   + S o +    |
[   29.509714] cloud-init[885]: |=o..   + . + .   |
[   29.510316] cloud-init[885]: |+.. . .     .    |
[   29.514564] cloud-init[885]: | o . .           |
[   29.515660] cloud-init[885]: |  .              |
[   29.517432] cloud-init[885]: +----[SHA256]-----+
[   29.518047] cloud-init[885]: Generating public/private ecdsa key pair.
[   29.518452] cloud-init[885]: Your identification has been saved in /etc/ssh/ssh_host_ecdsa_key.
[   29.518897] cloud-init[885]: Your public key has been saved in /etc/ssh/ssh_host_ecdsa_key.pub.
[   29.519354] cloud-init[885]: The key fingerprint is:
[   29.519801] cloud-init[885]: SHA256:iRGTNtrsE8KWCvuSDv9L9P+n7jSNzb28AqTRZgEnFyk root@ubuntu-bionic
[   29.521318] cloud-init[885]: The key's randomart image is:
[   29.521527] cloud-init[885]: +---[ECDSA 256]---+
[   29.523200] cloud-init[885]: |      o.o.+o     |
[   29.523610] cloud-init[885]: |      +oE+o      |
[   29.524674] cloud-init[885]: |   . *.. o .     |
[   29.525024] cloud-init[885]: |.   * +o..=      |
[   29.525578] cloud-init[885]: | o o.o..S*       |
[   29.526027] cloud-init[885]: |. .. .o . .= .   |
[   29.526609] cloud-init[885]: |.o  . ..  +.+ .  |
[   29.527058] cloud-init[885]: |+...   . . .o. . |
[   29.528976] cloud-init[885]: |.o..o.  .+=o .+. |
[   29.529354] cloud-init[885]: +----[SHA256]-----+
[   29.529805] cloud-init[885]: Generating public/private ed25519 key pair.
[   29.534220] cloud-init[885]: Your identification has been saved in /etc/ssh/ssh_host_ed25519_key.
[   29.540530] cloud-init[885]: Your public key has been saved in /etc/ssh/ssh_host_ed25519_key.pub.
[   29.541373] cloud-init[885]: The key fingerprint is:
[   29.543238] cloud-init[885]: SHA256:culU0FmpPJ0S2x1RMZjuuzafc+l27C1gP9Mk8XIa+Iw root@ubuntu-bionic
[   29.543301] cloud-init[885]: The key's randomart image is:
[   29.543398] cloud-init[885]: +--[ED25519 256]--+
[   29.543506] cloud-init[885]: |        .. o..+=o|
[   29.544984] cloud-init[885]: |         .+ .o. .|
[   29.545581] cloud-init[885]: |         ..*.o . |
[   29.546174] cloud-init[885]: |         o* +.o  |
[   29.550032] cloud-init[885]: |      . S  o.. o |
[   29.551185] cloud-init[885]: |       =    +.+ +|
[   29.551232] cloud-init[885]: |        .  . *.X.|
[   29.551269] cloud-init[885]: |            E+O+B|
[   29.551379] cloud-init[885]: |            ..*O*|
[   29.551430] cloud-init[885]: +----[SHA256]-----+
] Reached target System Initialization.
         Starting Socket activation for snappy daemon.
[[0;32m  OK  [0m] Started Discard unused blocks once a week.
[[0;32m  OK  [0m] Started Ubuntu Advantage Timer for running repeated jobs.
[[0;32m  OK  [0m] Started ACPI Events Check.
[[0;32m  OK  [0m] Listening on D-Bus System Message Bus Socket.
[[0;32m  OK  [0m] Started Daily Cleanup of Temporary Directories.
[[0;32m  OK  [0m] Reached target Paths.
         Starting LXD - unix socket.
[[0;32m  OK  [0m] Listening on Open-iSCSI iscsid Socket.
[[0;32m  OK  [0m] Listening on ACPID Listen Socket.
[[0;32m  OK  [0m] Started Message of the Day.
[[0;32m  OK  [0m] Listening on cloud-init hotplug hook socket.
[[0;32m  OK  [0m] Started Daily apt download activities.
[[0;32m  OK  [0m] Started Daily apt upgrade and clean activities.
[[0;32m  OK  [0m] Reached target Timers.
[[0;32m  OK  [0m] Listening on UUID daemon activation socket.
[[0;32m  OK  [0m] Reached target Cloud-config availability.
[[0;32m  OK  [0m] Reached target Network is Online.
         Starting Availability of block devices...
[[0;32m  OK  [0m] Reached target Remote File Systems (Pre).
[[0;32m  OK  [0m] Reached target Remote File Systems.
[[0;32m  OK  [0m] Listening on Socket activation for snappy daemon.
[[0;32m  OK  [0m] Listening on LXD - unix socket.
[[0;32m  OK  [0m] Started Availability of block devices.
[[0;32m  OK  [0m] Reached target Sockets.
[[0;32m  OK  [0m] Reached target Basic System.
         Starting LSB: automatic crash report generation...
         Starting LSB: Record successful boot for GRUB...
[[0;32m  OK  [0m] Started Deferred execution scheduler.
         Starting Pollinate to seed the pseudo random number generator...
         Starting Accounts Service...
[[0;32m  OK  [0m] Started FUSE filesystem for LXC.
[[0;32m  OK  [0m] Reached target Login Prompts (Pre).
         Starting Dispatcher daemon for systemd-networkd...
[[0;32m  OK  [0m] Started D-Bus System Message Bus.
         Starting System Logging Service...
         Starting LXD - container startup/shutdown...
         Starting Login Service...
[[0;32m  OK  [0m] Started irqbalance daemon.
         Starting Permit User Sessions...
         Starting Snap Daemon...
[[0;32m  OK  [0m] Started Regular background program processing daemon.
         Starting Virtualbox guest utils...
[[0;32m  OK  [0m] Started System Logging Service.
[[0;32m  OK  [0m] Started Permit User Sessions.
[[0;32m  OK  [0m] Started Login Service.
[[0;32m  OK  [0m] Started Unattended Upgrades Shutdown.
         Starting Authorization Manager...
         Starting Terminate Plymouth Boot Screen...
         Starting Hold until boot process finishes up...
[[0;32m  OK  [0m] Started LSB: automatic crash report generation.
[[0;32m  OK  [0m] Started Hold until boot process finishes up.
[[0;32m  OK  [0m] Started Terminate Plymouth Boot Screen.
         Starting Set console scheme...
[[0;32m  OK  [0m] Started Serial Getty on ttyS0.
[[0;32m  OK  [0m] Started Dispatcher daemon for systemd-networkd.
[[0;32m  OK  [0m] Started Set console scheme.
[[0;32m  OK  [0m] Created slice system-getty.slice.
[[0;32m  OK  [0m] Started Getty on tty1.
[[0;32m  OK  [0m] Reached target Login Prompts.
[[0;32m  OK  [0m] Started Authorization Manager.
[[0;32m  OK  [0m] Started Accounts Service.
[[0;32m  OK  [0m] Started LXD - container startup/shutdown.
[[0;32m  OK  [0m] Started LSB: Record successful boot for GRUB.
[[0;32m  OK  [0m] Started Virtualbox guest utils.
[[0;32m  OK  [0m] Started Snap Daemon.
         Starting Wait until snapd is fully seeded...
         Starting Time & Date Service...
[[0;32m  OK  [0m] Started Time & Date Service.
[[0;32m  OK  [0m] Started Pollinate to seed the pseudo random number generator.
         Starting OpenBSD Secure Shell server...
[[0;32m  OK  [0m] Started OpenBSD Secure Shell server.
[[0;32m  OK  [0m] Created slice User Slice of vagrant.
         Starting User Manager for UID 1000...
[[0;32m  OK  [0m] Started Session 1 of user vagrant.
[[0;32m  OK  [0m] Started Wait until snapd is fully seeded.
         Starting Apply the settings specified in cloud-config...
[[0;32m  OK  [0m] Started User Manager for UID 1000.
[   36.867022] cloud-init[1481]: Cloud-init v. 22.4.2-0ubuntu0~18.04.1 running 'modules:config' at Mon, 13 Feb 2023 09:37:17 +0000. Up 35.81 seconds.

Ubuntu 18.04.6 LTS ubuntu-bionic ttyS0

ubuntu-bionic login: ci-info: no authorized SSH keys fingerprints found for user ubuntu.
<14>Feb 13 09:37:20 cloud-init: #############################################################
<14>Feb 13 09:37:20 cloud-init: -----BEGIN SSH HOST KEY FINGERPRINTS-----
<14>Feb 13 09:37:20 cloud-init: 1024 SHA256:lelnHigCP2V86KwC0oiat0DiUULGR5dXwVNMrd3VoDg root@ubuntu-bionic (DSA)
<14>Feb 13 09:37:20 cloud-init: 256 SHA256:iRGTNtrsE8KWCvuSDv9L9P+n7jSNzb28AqTRZgEnFyk root@ubuntu-bionic (ECDSA)
<14>Feb 13 09:37:20 cloud-init: 256 SHA256:culU0FmpPJ0S2x1RMZjuuzafc+l27C1gP9Mk8XIa+Iw root@ubuntu-bionic (ED25519)
<14>Feb 13 09:37:20 cloud-init: 2048 SHA256:hWKwfoSsPW9dlLb6opa6VVW5yQz//05+CEBnrRJYEUQ root@ubuntu-bionic (RSA)
<14>Feb 13 09:37:20 cloud-init: -----END SSH HOST KEY FINGERPRINTS-----
<14>Feb 13 09:37:20 cloud-init: #############################################################
-----BEGIN SSH HOST KEY KEYS-----
ecdsa-sha2-nistp256 AAAAE2VjZHNhLXNoYTItbmlzdHAyNTYAAAAIbmlzdHAyNTYAAABBBH26o+dXXkTDqrgQNYm1S7MhTMRIKEUuAyAe6Clw2LZiHR25gpYqqIQOAOPVB5HNUazlGzujkt2sPrlMMs8OKG0= root@ubuntu-bionic
ssh-ed25519 AAAAC3NzaC1lZDI1NTE5AAAAIK5J8sgNSokVV59uE2rOBJadxXX8LEUbLpR52V4us44z root@ubuntu-bionic
ssh-rsa AAAAB3NzaC1yc2EAAAADAQABAAABAQCScDfKaQoI8XKxx2k5xr69Jx12AyhdvChuhTzwzmfn39Nkr3VLIIkpeH1rekXQkh2QIbeDj1C+39PG3Efgm4UnKesgTMj62DnggltIWVAZKvtbUmX9g1tPFmCwzrGcXi/yChbMSFm6b5oyJ5YIgGhHDRI/i0TkJI8/km+q15VtP21xx7idL17ScdTe/pOT8tg9m/K5J/gFA1otyRYFn5ejJROEfCsLsuVeyKZWNg7Tf0+z010QNPcpnT9vPgFlEtBa6bT6n0RDOtlfB8ce26NmGmfrjMG9CmPFUWyG0v9mrhhRla2cdYq38+/PWVcIyCQzXTQbCe7nT9oTpRa9xewl root@ubuntu-bionic
-----END SSH HOST KEY KEYS-----
[   39.269914] cloud-init[1591]: Cloud-init v. 22.4.2-0ubuntu0~18.04.1 running 'modules:final' at Mon, 13 Feb 2023 09:37:19 +0000. Up 38.58 seconds.
[   39.270588] cloud-init[1591]: Cloud-init v. 22.4.2-0ubuntu0~18.04.1 finished at Mon, 13 Feb 2023 09:37:20 +0000. Datasource DataSourceNoCloud [seed=/dev/sdb][dsmode=net].  Up 39.25 seconds
